Archive member included because of file (symbol)

c:/program files (x86)/atmel/atmel toolchain/avr8 gcc/native/3.4.1056/avr8-gnu-toolchain/bin/../lib/gcc/avr/4.8.1/avrxmega2\libgcc.a(_udivmodhi4.o)
                              src/ASF/xmega/drivers/usb/usb_device.o (__udivmodhi4)
c:/program files (x86)/atmel/atmel toolchain/avr8 gcc/native/3.4.1056/avr8-gnu-toolchain/bin/../lib/gcc/avr/4.8.1/avrxmega2\libgcc.a(_udivmodsi4.o)
                              src/ASF/xmega/drivers/usart/usart.o (__udivmodsi4)
c:/program files (x86)/atmel/atmel toolchain/avr8 gcc/native/3.4.1056/avr8-gnu-toolchain/bin/../lib/gcc/avr/4.8.1/avrxmega2\libgcc.a(_exit.o)
                              c:/program files (x86)/atmel/atmel toolchain/avr8 gcc/native/3.4.1056/avr8-gnu-toolchain/bin/../lib/gcc/avr/4.8.1/../../../../avr/lib/avrxmega2/crtx32a4u.o (exit)
c:/program files (x86)/atmel/atmel toolchain/avr8 gcc/native/3.4.1056/avr8-gnu-toolchain/bin/../lib/gcc/avr/4.8.1/avrxmega2\libgcc.a(_tablejump.o)
                              src/ASF/xmega/drivers/usb/usb_device.o (__tablejump2__)
c:/program files (x86)/atmel/atmel toolchain/avr8 gcc/native/3.4.1056/avr8-gnu-toolchain/bin/../lib/gcc/avr/4.8.1/avrxmega2\libgcc.a(_copy_data.o)
                              src/ASF/common/services/sleepmgr/xmega/sleepmgr.o (__do_copy_data)
c:/program files (x86)/atmel/atmel toolchain/avr8 gcc/native/3.4.1056/avr8-gnu-toolchain/bin/../lib/gcc/avr/4.8.1/avrxmega2\libgcc.a(_clear_bss.o)
                              src/ASF/common/services/sleepmgr/xmega/sleepmgr.o (__do_clear_bss)
c:/program files (x86)/atmel/atmel toolchain/avr8 gcc/native/3.4.1056/avr8-gnu-toolchain/bin/../lib/gcc/avr/4.8.1/../../../../avr/lib/avrxmega2\libc.a(memcpy.o)
                              src/ASF/common/services/usb/class/cdc/device/udi_cdc.o (memcpy)

Allocating common symbols
Common symbol       size              file

rtc_data            0x8               src/ASF/xmega/drivers/rtc/rtc.o
udd_g_ctrlreq       0x10              src/ASF/xmega/drivers/usb/usb_device.o
sleepmgr_locks      0x6               src/ASF/common/services/sleepmgr/xmega/sleepmgr.o

Discarded input sections

 .bss           0x00000000        0x0 c:/program files (x86)/atmel/atmel toolchain/avr8 gcc/native/3.4.1056/avr8-gnu-toolchain/bin/../lib/gcc/avr/4.8.1/../../../../avr/lib/avrxmega2/crtx32a4u.o
 .group         0x00000000        0x8 src/ASF/common/boards/user_board/init.o
 .group         0x00000000        0x8 src/ASF/common/boards/user_board/init.o
 .group         0x00000000        0x8 src/ASF/common/boards/user_board/init.o
 .group         0x00000000        0x8 src/ASF/common/boards/user_board/init.o
 .group         0x00000000        0x8 src/ASF/common/boards/user_board/init.o
 .group         0x00000000        0x8 src/ASF/common/boards/user_board/init.o
 .group         0x00000000        0x8 src/ASF/common/boards/user_board/init.o
 .group         0x00000000        0x8 src/ASF/common/boards/user_board/init.o
 .group         0x00000000        0x8 src/ASF/common/boards/user_board/init.o
 .group         0x00000000        0x8 src/ASF/common/boards/user_board/init.o
 .group         0x00000000        0x8 src/ASF/common/boards/user_board/init.o
 .group         0x00000000        0x8 src/ASF/common/boards/user_board/init.o
 .group         0x00000000        0x8 src/ASF/common/boards/user_board/init.o
 .group         0x00000000        0x8 src/ASF/common/boards/user_board/init.o
 .group         0x00000000        0x8 src/ASF/common/boards/user_board/init.o
 .group         0x00000000        0x8 src/ASF/common/boards/user_board/init.o
 .group         0x00000000        0x8 src/ASF/common/boards/user_board/init.o
 .group         0x00000000        0x8 src/ASF/common/boards/user_board/init.o
 .group         0x00000000        0x8 src/ASF/common/boards/user_board/init.o
 .group         0x00000000        0x8 src/ASF/common/boards/user_board/init.o
 .group         0x00000000        0x8 src/ASF/common/boards/user_board/init.o
 .group         0x00000000        0x8 src/ASF/common/boards/user_board/init.o
 .group         0x00000000        0x8 src/ASF/common/boards/user_board/init.o
 .group         0x00000000        0x8 src/ASF/common/boards/user_board/init.o
 .group         0x00000000        0x8 src/ASF/common/boards/user_board/init.o
 .group         0x00000000        0x8 src/ASF/common/boards/user_board/init.o
 .group         0x00000000        0x8 src/ASF/common/boards/user_board/init.o
 .group         0x00000000        0x8 src/ASF/common/boards/user_board/init.o
 .group         0x00000000        0x8 src/ASF/common/boards/user_board/init.o
 .group         0x00000000        0x8 src/ASF/common/boards/user_board/init.o
 .group         0x00000000        0x8 src/ASF/common/boards/user_board/init.o
 .group         0x00000000        0x8 src/ASF/common/boards/user_board/init.o
 .group         0x00000000        0x8 src/ASF/common/boards/user_board/init.o
[...]
Memory Configuration

Name             Origin             Length             Attributes
text             0x00000000         0x00100000         xr
data             0x00802000         0x0000ffa0         rw !x
eeprom           0x00810000         0x00010000         rw !x
fuse             0x00820000         0x00000400         rw !x
lock             0x00830000         0x00000400         rw !x
signature        0x00840000         0x00000400         rw !x
user_signatures  0x00850000         0x00000400         rw !x
*default*        0x00000000         0xffffffff

Linker script and memory map

LOAD c:/program files (x86)/atmel/atmel toolchain/avr8 gcc/native/3.4.1056/avr8-gnu-toolchain/bin/../lib/gcc/avr/4.8.1/../../../../avr/lib/avrxmega2/crtx32a4u.o
LOAD src/ASF/common/boards/user_board/init.o
LOAD src/ASF/common/services/clock/xmega/sysclk.o
LOAD src/ASF/common/services/ioport/xmega/ioport_compat.o
LOAD src/ASF/common/services/sleepmgr/xmega/sleepmgr.o
LOAD src/ASF/common/services/usb/class/cdc/device/udi_cdc.o
LOAD src/ASF/common/services/usb/class/cdc/device/udi_cdc_desc.o
LOAD src/ASF/common/services/usb/udc/udc.o
LOAD src/ASF/xmega/drivers/cpu/ccp.o
LOAD src/ASF/xmega/drivers/nvm/nvm.o
LOAD src/ASF/xmega/drivers/nvm/nvm_asm.o
LOAD src/ASF/xmega/drivers/rtc/rtc.o
LOAD src/ASF/xmega/drivers/usart/usart.o
LOAD src/ASF/xmega/drivers/usb/usb_device.o
LOAD src/DSD_PLC/drivers/DSD_PLC.o
LOAD src/DSD_PLC/drivers/switch.o
LOAD src/DSD_PLC/drivers/usb_serial.o
LOAD src/main.o
START GROUP
LOAD c:/program files (x86)/atmel/atmel toolchain/avr8 gcc/native/3.4.1056/avr8-gnu-toolchain/bin/../lib/gcc/avr/4.8.1/../../../../avr/lib/avrxmega2\libm.a
END GROUP
START GROUP
LOAD c:/program files (x86)/atmel/atmel toolchain/avr8 gcc/native/3.4.1056/avr8-gnu-toolchain/bin/../lib/gcc/avr/4.8.1/avrxmega2\libgcc.a
LOAD c:/program files (x86)/atmel/atmel toolchain/avr8 gcc/native/3.4.1056/avr8-gnu-toolchain/bin/../lib/gcc/avr/4.8.1/../../../../avr/lib/avrxmega2\libm.a
LOAD c:/program files (x86)/atmel/atmel toolchain/avr8 gcc/native/3.4.1056/avr8-gnu-toolchain/bin/../lib/gcc/avr/4.8.1/../../../../avr/lib/avrxmega2\libc.a
END GROUP

.hash
 *(.hash)

.dynsym
 *(.dynsym)

.dynstr
 *(.dynstr)

.gnu.version
 *(.gnu.version)

.gnu.version_d
 *(.gnu.version_d)

.gnu.version_r
 *(.gnu.version_r)

.rel.init
 *(.rel.init)

.rela.init
 *(.rela.init)

.rel.text
 *(.rel.text)
 *(.rel.text.*)
 *(.rel.gnu.linkonce.t*)

.rela.text
 *(.rela.text)
 *(.rela.text.*)
 *(.rela.gnu.linkonce.t*)

.rel.fini
 *(.rel.fini)

.rela.fini
 *(.rela.fini)

.rel.rodata
 *(.rel.rodata)
 *(.rel.rodata.*)
 *(.rel.gnu.linkonce.r*)

.rela.rodata
 *(.rela.rodata)
 *(.rela.rodata.*)
 *(.rela.gnu.linkonce.r*)

.rel.data
 *(.rel.data)
 *(.rel.data.*)
 *(.rel.gnu.linkonce.d*)

.rela.data
 *(.rela.data)
 *(.rela.data.*)
 *(.rela.gnu.linkonce.d*)

.rel.ctors
 *(.rel.ctors)

.rela.ctors
 *(.rela.ctors)

.rel.dtors
 *(.rel.dtors)

.rela.dtors
 *(.rela.dtors)

.rel.got
 *(.rel.got)

.rela.got
 *(.rela.got)

.rel.bss
 *(.rel.bss)

.rela.bss
 *(.rela.bss)

.rel.plt
 *(.rel.plt)

.rela.plt
 *(.rela.plt)

.text           0x00000000     0x1c5e
 *(.vectors)
 .vectors       0x00000000      0x1fc c:/program files (x86)/atmel/atmel toolchain/avr8 gcc/native/3.4.1056/avr8-gnu-toolchain/bin/../lib/gcc/avr/4.8.1/../../../../avr/lib/avrxmega2/crtx32a4u.o
                0x00000000                __vector_default
                0x00000000                __vectors
 *(.vectors)
 *(.progmem.gcc*)
 .progmem.gcc_sw_table.udd_ep_get_size
                0x000001fc        0xe src/ASF/xmega/drivers/usb/usb_device.o
                0x0000020a                . = ALIGN (0x2)
                0x0000020a                __trampolines_start = .
 *(.trampolines)
 .trampolines   0x0000020a        0x0 linker stubs
 *(.trampolines*)
                0x0000020a                __trampolines_end = .
 *(.progmem*)
                0x0000020a                . = ALIGN (0x2)
 *(.jumptables)
 *(.jumptables*)
 *(.lowtext)
 *(.lowtext*)
                0x0000020a                __ctors_start = .
 *(.ctors)
                0x0000020a                __ctors_end = .
                0x0000020a                __dtors_start = .
 *(.dtors)
                0x0000020a                __dtors_end = .
 SORT(*)(.ctors)
 SORT(*)(.dtors)
 *(.init0)
 .init0         0x0000020a        0x0 c:/program files (x86)/atmel/atmel toolchain/avr8 gcc/native/3.4.1056/avr8-gnu-toolchain/bin/../lib/gcc/avr/4.8.1/../../../../avr/lib/avrxmega2/crtx32a4u.o
                0x0000020a                __init
 *(.init0)
 *(.init1)
 *(.init1)
 *(.init2)
 .init2         0x0000020a        0xc c:/program files (x86)/atmel/atmel toolchain/avr8 gcc/native/3.4.1056/avr8-gnu-toolchain/bin/../lib/gcc/avr/4.8.1/../../../../avr/lib/avrxmega2/crtx32a4u.o
 *(.init2)
 *(.init3)
 *(.init3)
 *(.init4)
 .init4         0x00000216       0x16 c:/program files (x86)/atmel/atmel toolchain/avr8 gcc/native/3.4.1056/avr8-gnu-toolchain/bin/../lib/gcc/avr/4.8.1/avrxmega2\libgcc.a(_copy_data.o)
                0x00000216                __do_copy_data
 .init4         0x0000022c       0x10 c:/program files (x86)/atmel/atmel toolchain/avr8 gcc/native/3.4.1056/avr8-gnu-toolchain/bin/../lib/gcc/avr/4.8.1/avrxmega2\libgcc.a(_clear_bss.o)
                0x0000022c                __do_clear_bss
 *(.init4)
 *(.init5)
 *(.init5)
 *(.init6)
 *(.init6)
 *(.init7)
 *(.init7)
 *(.init8)
 *(.init8)
 *(.init9)
 .init9         0x0000023c        0x8 c:/program files (x86)/atmel/atmel toolchain/avr8 gcc/native/3.4.1056/avr8-gnu-toolchain/bin/../lib/gcc/avr/4.8.1/../../../../avr/lib/avrxmega2/crtx32a4u.o
 *(.init9)
 *(.text)
 .text          0x00000244        0x2 c:/program files (x86)/atmel/atmel toolchain/avr8 gcc/native/3.4.1056/avr8-gnu-toolchain/bin/../lib/gcc/avr/4.8.1/../../../../avr/lib/avrxmega2/crtx32a4u.o
                0x00000244                __vector_38
                0x00000244                __vector_104
                0x00000244                __vector_22
                0x00000244                __vector_63
                0x00000244                __vector_28
                0x00000244                __vector_67
                0x00000244                __vector_1
                0x00000244                __vector_119
                0x00000244                __vector_32
                0x00000244                __vector_75
                0x00000244                __vector_71
                0x00000244                __vector_91
                0x00000244                __vector_34
                0x00000244                __vector_62
                0x00000244                __vector_77
                0x00000244                __vector_102
                0x00000244                __vector_24
                0x00000244                __vector_12
                0x00000244                __vector_55
                0x00000244                __vector_69
                0x00000244                __vector_81
                0x00000244                __vector_90
                0x00000244                __vector_46
                0x00000244                __bad_interrupt
                0x00000244                __vector_122
                0x00000244                __vector_72
                0x00000244                __vector_114
                0x00000244                __vector_6
                0x00000244                __vector_110
                0x00000244                __vector_31
                0x00000244                __vector_92
                0x00000244                __vector_35
                0x00000244                __vector_78
                0x00000244                __vector_74
                0x00000244                __vector_117
                0x00000244                __vector_39
                0x00000244                __vector_107
                0x00000244                __vector_3
                0x00000244                __vector_105
                0x00000244                __vector_98
                0x00000244                __vector_23
                0x00000244                __vector_68
                0x00000244                __vector_30
                0x00000244                __vector_73
                0x00000244                __vector_45
                0x00000244                __vector_25
                0x00000244                __vector_93
                0x00000244                __vector_61
                0x00000244                __vector_54
                0x00000244                __vector_99
                0x00000244                __vector_13
                0x00000244                __vector_17
                0x00000244                __vector_19
                0x00000244                __vector_56
                0x00000244                __vector_7
                0x00000244                __vector_49
                0x00000244                __vector_123
                0x00000244                __vector_41
                0x00000244                __vector_86
                0x00000244                __vector_100
                0x00000244                __vector_101
                0x00000244                __vector_64
                0x00000244                __vector_88
                0x00000244                __vector_109
                0x00000244                __vector_43
                0x00000244                __vector_27
                0x00000244                __vector_5
                0x00000244                __vector_113
                0x00000244                __vector_33
                0x00000244                __vector_76
                0x00000244                __vector_115
                0x00000244                __vector_47
                0x00000244                __vector_52
                0x00000244                __vector_37
                0x00000244                __vector_95
                0x00000244                __vector_103
                0x00000244                __vector_96
                0x00000244                __vector_89
                0x00000244                __vector_108
                0x00000244                __vector_4
                0x00000244                __vector_44
                0x00000244                __vector_82
                0x00000244                __vector_106
                0x00000244                __vector_118
                0x00000244                __vector_51
                0x00000244                __vector_9
                0x00000244                __vector_2
                0x00000244                __vector_21
                0x00000244                __vector_15
                0x00000244                __vector_66
                0x00000244                __vector_36
                0x00000244                __vector_79
                0x00000244                __vector_58
                0x00000244                __vector_70
                0x00000244                __vector_83
                0x00000244                __vector_29
                0x00000244                __vector_60
                0x00000244                __vector_121
                0x00000244                __vector_40
                0x00000244                __vector_85
                0x00000244                __vector_94
                0x00000244                __vector_8
                0x00000244                __vector_26
                0x00000244                __vector_48
                0x00000244                __vector_124
                0x00000244                __vector_116
                0x00000244                __vector_112
                0x00000244                __vector_111
                0x00000244                __vector_80
                0x00000244                __vector_14
                0x00000244                __vector_84
                0x00000244                __vector_57
                0x00000244                __vector_53
                0x00000244                __vector_50
                0x00000244                __vector_16
                0x00000244                __vector_59
                0x00000244                __vector_18
                0x00000244                __vector_97
                0x00000244                __vector_20
                0x00000244                __vector_42
                0x00000244                __vector_87
                0x00000244                __vector_65
                0x00000244                __vector_120
                0x00000246                . = ALIGN (0x2)
 *(.text.*)
 .text.sysclk_init
                0x00000246       0x20 src/ASF/common/services/clock/xmega/sysclk.o
                0x00000246                sysclk_init
 .text.udi_cdc_comm_enable
                0x00000266       0x70 src/ASF/common/services/usb/class/cdc/device/udi_cdc.o
                0x00000266                udi_cdc_comm_enable
 .text.udi_cdc_comm_disable
                0x000002d6        0xc src/ASF/common/services/usb/class/cdc/device/udi_cdc.o
                0x000002d6                udi_cdc_comm_disable
 .text.udi_cdc_data_disable
                0x000002e2       0x14 src/ASF/common/services/usb/class/cdc/device/udi_cdc.o
                0x000002e2                udi_cdc_data_disable
 .text.udi_cdc_data_setup
                0x000002f6        0x4 src/ASF/common/services/usb/class/cdc/device/udi_cdc.o
                0x000002f6                udi_cdc_data_setup
 .text.udi_cdc_getsetting
                0x000002fa        0x4 src/ASF/common/services/usb/class/cdc/device/udi_cdc.o
                0x000002fa                udi_cdc_getsetting
 .text.udi_cdc_comm_setup
                0x000002fe       0xa0 src/ASF/common/services/usb/class/cdc/device/udi_cdc.o
                0x000002fe                udi_cdc_comm_setup
 .text.udi_cdc_line_coding_received
                0x0000039e        0x2 src/ASF/common/services/usb/class/cdc/device/udi_cdc.o
 .text.udi_cdc_tx_send
                0x000003a0      0x156 src/ASF/common/services/usb/class/cdc/device/udi_cdc.o
 .text.udi_cdc_data_sent
                0x000004f6       0x30 src/ASF/common/services/usb/class/cdc/device/udi_cdc.o
 .text.udi_cdc_data_sof_notify
                0x00000526        0x6 src/ASF/common/services/usb/class/cdc/device/udi_cdc.o
                0x00000526                udi_cdc_data_sof_notify
 .text.udi_cdc_multi_get_nb_received_data
                0x0000052c       0x26 src/ASF/common/services/usb/class/cdc/device/udi_cdc.o
                0x0000052c                udi_cdc_multi_get_nb_received_data
 .text.udi_cdc_multi_is_rx_ready
                0x00000552        0xe src/ASF/common/services/usb/class/cdc/device/udi_cdc.o
                0x00000552                udi_cdc_multi_is_rx_ready
 .text.udi_cdc_rx_start
                0x00000560       0x8e src/ASF/common/services/usb/class/cdc/device/udi_cdc.o
 .text.udi_cdc_data_enable
                0x000005ee       0x64 src/ASF/common/services/usb/class/cdc/device/udi_cdc.o
                0x000005ee                udi_cdc_data_enable
 .text.udi_cdc_data_received
                0x00000652       0x60 src/ASF/common/services/usb/class/cdc/device/udi_cdc.o
 .text.udc_next_desc_in_iface
                0x000006b2       0x6a src/ASF/common/services/usb/udc/udc.o
 .text.udc_valid_address
                0x0000071c        0xa src/ASF/common/services/usb/udc/udc.o
 .text.udc_update_iface_desc
                0x00000726       0x74 src/ASF/common/services/usb/udc/udc.o
 .text.udc_iface_disable
                0x0000079a       0x82 src/ASF/common/services/usb/udc/udc.o
 .text.udc_iface_enable
                0x0000081c       0x64 src/ASF/common/services/usb/udc/udc.o
 .text.udc_reset
                0x00000880       0x4e src/ASF/common/services/usb/udc/udc.o
                0x00000880                udc_reset
 .text.udc_sof_notify
                0x000008ce       0x5e src/ASF/common/services/usb/udc/udc.o
                0x000008ce                udc_sof_notify
 .text.udc_process_setup
                0x0000092c      0x51c src/ASF/common/services/usb/udc/udc.o
                0x0000092c                udc_process_setup
 .text.__vector_10
                0x00000e48       0x32 src/ASF/xmega/drivers/rtc/rtc.o
                0x00000e48                __vector_10
 .text.__vector_11
                0x00000e7a       0xee src/ASF/xmega/drivers/rtc/rtc.o
                0x00000e7a                __vector_11
 .text.udd_sleep_mode
                0x00000f68       0x3e src/ASF/xmega/drivers/usb/usb_device.o
 .text.udd_ctrl_init
                0x00000fa6       0x56 src/ASF/xmega/drivers/usb/usb_device.o
 .text.udd_ctrl_stall_data
                0x00000ffc       0x1c src/ASF/xmega/drivers/usb/usb_device.o
 .text.udd_ctrl_send_zlp_in
                0x00001018       0x1c src/ASF/xmega/drivers/usb/usb_device.o
 .text.udd_ctrl_endofrequest
                0x00001034       0x10 src/ASF/xmega/drivers/usb/usb_device.o
 .text.udd_ctrl_in_sent
                0x00001044       0xdc src/ASF/xmega/drivers/usb/usb_device.o
 .text.udd_ep_get_size
                0x00001120       0x48 src/ASF/xmega/drivers/usb/usb_device.o
 .text.udd_ep_get_job
                0x00001168       0x36 src/ASF/xmega/drivers/usb/usb_device.o
 .text.udd_ctrl_interrupt_tc_setup
                0x0000119e       0xde src/ASF/xmega/drivers/usb/usb_device.o
 .text.udd_ep_trans_complet
                0x0000127c      0x21c src/ASF/xmega/drivers/usb/usb_device.o
 .text.udd_is_high_speed
                0x00001498        0x4 src/ASF/xmega/drivers/usb/usb_device.o
                0x00001498                udd_is_high_speed
 .text.udd_set_address
                0x0000149c        0x6 src/ASF/xmega/drivers/usb/usb_device.o
                0x0000149c                udd_set_address
 .text.udd_getaddress
                0x000014a2        0x6 src/ASF/xmega/drivers/usb/usb_device.o
                0x000014a2                udd_getaddress
 .text.udd_get_frame_number
                0x000014a8        0xa src/ASF/xmega/drivers/usb/usb_device.o
                0x000014a8                udd_get_frame_number
 .text.udd_get_micro_frame_number
                0x000014b2        0x6 src/ASF/xmega/drivers/usb/usb_device.o
                0x000014b2                udd_get_micro_frame_number
 .text.udd_set_setup_payload
                0x000014b8       0x12 src/ASF/xmega/drivers/usb/usb_device.o
                0x000014b8                udd_set_setup_payload
 .text.udd_ep_alloc
                0x000014ca       0xc2 src/ASF/xmega/drivers/usb/usb_device.o
                0x000014ca                udd_ep_alloc
 .text.udd_ep_is_halted
                0x0000158c       0x36 src/ASF/xmega/drivers/usb/usb_device.o
                0x0000158c                udd_ep_is_halted
 .text.udd_ep_clear_halt
                0x000015c2       0x54 src/ASF/xmega/drivers/usb/usb_device.o
                0x000015c2                udd_ep_clear_halt
 .text.udd_ep_run
                0x00001616      0x10e src/ASF/xmega/drivers/usb/usb_device.o
                0x00001616                udd_ep_run
 .text.udd_ep_abort
                0x00001724       0x72 src/ASF/xmega/drivers/usb/usb_device.o
                0x00001724                udd_ep_abort
 .text.udd_ep_free
                0x00001796       0x3a src/ASF/xmega/drivers/usb/usb_device.o
                0x00001796                udd_ep_free
 .text.udd_ep_set_halt
                0x000017d0       0x42 src/ASF/xmega/drivers/usb/usb_device.o
                0x000017d0                udd_ep_set_halt
 .text.__vector_125
                0x00001812      0x16a src/ASF/xmega/drivers/usb/usb_device.o
                0x00001812                __vector_125
 .text.__vector_126
                0x0000197c      0x1d2 src/ASF/xmega/drivers/usb/usb_device.o
                0x0000197c                __vector_126
 .text.init_DSD_PLC
                0x00001b4e       0x7a src/DSD_PLC/drivers/DSD_PLC.o
                0x00001b4e                init_DSD_PLC
 .text.switch_init
                0x00001bc8        0xa src/DSD_PLC/drivers/switch.o
                0x00001bc8                switch_init
 .text.main     0x00001bd2       0x42 src/main.o
                0x00001bd2                main
 .text.libgcc.div
                0x00001c14       0x28 c:/program files (x86)/atmel/atmel toolchain/avr8 gcc/native/3.4.1056/avr8-gnu-toolchain/bin/../lib/gcc/avr/4.8.1/avrxmega2\libgcc.a(_udivmodhi4.o)
                0x00001c14                __udivmodhi4
 .text.libgcc   0x00001c3c        0xc c:/program files (x86)/atmel/atmel toolchain/avr8 gcc/native/3.4.1056/avr8-gnu-toolchain/bin/../lib/gcc/avr/4.8.1/avrxmega2\libgcc.a(_tablejump.o)
                0x00001c3c                __tablejump2__
                0x00001c40                __tablejump__
 .text.avr-libc
                0x00001c48       0x12 c:/program files (x86)/atmel/atmel toolchain/avr8 gcc/native/3.4.1056/avr8-gnu-toolchain/bin/../lib/gcc/avr/4.8.1/../../../../avr/lib/avrxmega2\libc.a(memcpy.o)
                0x00001c48                memcpy
                0x00001c5a                . = ALIGN (0x2)
 *(.fini9)
 .fini9         0x00001c5a        0x0 c:/program files (x86)/atmel/atmel toolchain/avr8 gcc/native/3.4.1056/avr8-gnu-toolchain/bin/../lib/gcc/avr/4.8.1/avrxmega2\libgcc.a(_exit.o)
                0x00001c5a                _exit
                0x00001c5a                exit
 *(.fini9)
 *(.fini8)
 *(.fini8)
 *(.fini7)
 *(.fini7)
 *(.fini6)
 *(.fini6)
 *(.fini5)
 *(.fini5)
 *(.fini4)
 *(.fini4)
 *(.fini3)
 *(.fini3)
 *(.fini2)
 *(.fini2)
 *(.fini1)
 *(.fini1)
 *(.fini0)
 .fini0         0x00001c5a        0x4 c:/program files (x86)/atmel/atmel toolchain/avr8 gcc/native/3.4.1056/avr8-gnu-toolchain/bin/../lib/gcc/avr/4.8.1/avrxmega2\libgcc.a(_exit.o)
 *(.fini0)
                0x00001c5e                _etext = .

.data           0x00802000       0x7c load address 0x00001c5e
                0x00802000                PROVIDE (__data_start, .)
 *(.data)
 .data          0x00802000        0x0 c:/program files (x86)/atmel/atmel toolchain/avr8 gcc/native/3.4.1056/avr8-gnu-toolchain/bin/../lib/gcc/avr/4.8.1/../../../../avr/lib/avrxmega2/crtx32a4u.o
 .data          0x00802000        0x0 src/ASF/common/boards/user_board/init.o
 .data          0x00802000        0x0 src/ASF/common/services/clock/xmega/sysclk.o
 .data          0x00802000        0x0 src/ASF/common/services/ioport/xmega/ioport_compat.o
 .data          0x00802000        0x0 src/ASF/common/services/sleepmgr/xmega/sleepmgr.o
 .data          0x00802000        0x0 src/ASF/common/services/usb/class/cdc/device/udi_cdc.o
 .data          0x00802000        0x0 src/ASF/common/services/usb/class/cdc/device/udi_cdc_desc.o
 .data          0x00802000        0x0 src/ASF/common/services/usb/udc/udc.o
 .data          0x00802000        0x0 src/ASF/xmega/drivers/cpu/ccp.o
 .data          0x00802000        0x0 src/ASF/xmega/drivers/nvm/nvm.o
 .data          0x00802000        0x0 src/ASF/xmega/drivers/nvm/nvm_asm.o
 .data          0x00802000        0x0 src/ASF/xmega/drivers/rtc/rtc.o
 .data          0x00802000        0x0 src/ASF/xmega/drivers/usart/usart.o
 .data          0x00802000        0x0 src/ASF/xmega/drivers/usb/usb_device.o
 .data          0x00802000        0x0 src/DSD_PLC/drivers/DSD_PLC.o
 .data          0x00802000        0x0 src/DSD_PLC/drivers/switch.o
 .data          0x00802000        0x0 src/DSD_PLC/drivers/usb_serial.o
 .data          0x00802000        0x0 src/main.o
 .data          0x00802000        0x0 c:/program files (x86)/atmel/atmel toolchain/avr8 gcc/native/3.4.1056/avr8-gnu-toolchain/bin/../lib/gcc/avr/4.8.1/avrxmega2\libgcc.a(_udivmodhi4.o)
 .data          0x00802000        0x0 c:/program files (x86)/atmel/atmel toolchain/avr8 gcc/native/3.4.1056/avr8-gnu-toolchain/bin/../lib/gcc/avr/4.8.1/avrxmega2\libgcc.a(_udivmodsi4.o)
 .data          0x00802000        0x0 c:/program files (x86)/atmel/atmel toolchain/avr8 gcc/native/3.4.1056/avr8-gnu-toolchain/bin/../lib/gcc/avr/4.8.1/avrxmega2\libgcc.a(_exit.o)
 .data          0x00802000        0x0 c:/program files (x86)/atmel/atmel toolchain/avr8 gcc/native/3.4.1056/avr8-gnu-toolchain/bin/../lib/gcc/avr/4.8.1/avrxmega2\libgcc.a(_tablejump.o)
 .data          0x00802000        0x0 c:/program files (x86)/atmel/atmel toolchain/avr8 gcc/native/3.4.1056/avr8-gnu-toolchain/bin/../lib/gcc/avr/4.8.1/avrxmega2\libgcc.a(_copy_data.o)
 .data          0x00802000        0x0 c:/program files (x86)/atmel/atmel toolchain/avr8 gcc/native/3.4.1056/avr8-gnu-toolchain/bin/../lib/gcc/avr/4.8.1/avrxmega2\libgcc.a(_clear_bss.o)
 .data          0x00802000        0x0 c:/program files (x86)/atmel/atmel toolchain/avr8 gcc/native/3.4.1056/avr8-gnu-toolchain/bin/../lib/gcc/avr/4.8.1/../../../../avr/lib/avrxmega2\libc.a(memcpy.o)
 *(.data*)
 .data.udi_api_cdc_data
                0x00802000        0xa src/ASF/common/services/usb/class/cdc/device/udi_cdc.o
                0x00802000                udi_api_cdc_data
 .data.udi_api_cdc_comm
                0x0080200a        0xa src/ASF/common/services/usb/class/cdc/device/udi_cdc.o
                0x0080200a                udi_api_cdc_comm
 .data.udc_config
                0x00802014        0x6 src/ASF/common/services/usb/class/cdc/device/udi_cdc_desc.o
                0x00802014                udc_config
 .data.udc_config_fs
                0x0080201a        0x4 src/ASF/common/services/usb/class/cdc/device/udi_cdc_desc.o
                0x0080201a                udc_config_fs
 .data.udi_apis
                0x0080201e        0x4 src/ASF/common/services/usb/class/cdc/device/udi_cdc_desc.o
                0x0080201e                udi_apis
 .data.udc_desc_fs
                0x00802022       0x44 src/ASF/common/services/usb/class/cdc/device/udi_cdc_desc.o
                0x00802022                udc_desc_fs
 .data.udc_device_desc
                0x00802066       0x12 src/ASF/common/services/usb/class/cdc/device/udi_cdc_desc.o
                0x00802066                udc_device_desc
 .data.udc_string_desc_languageid
                0x00802078        0x4 src/ASF/common/services/usb/udc/udc.o
 *(.rodata)
 *(.rodata*)
 *(.gnu.linkonce.d*)
                0x0080207c                . = ALIGN (0x2)
                0x0080207c                _edata = .
                0x0080207c                PROVIDE (__data_end, .)

.bss            0x0080207c      0x27f
                0x0080207c                PROVIDE (__bss_start, .)
 *(.bss)
 *(.bss*)
 .bss.sof_zlp_counter.4824
                0x0080207c        0x2 src/ASF/common/services/usb/class/cdc/device/udi_cdc.o
 .bss.udi_cdc_tx_both_buf_to_send
                0x0080207e        0x1 src/ASF/common/services/usb/class/cdc/device/udi_cdc.o
 .bss.udi_cdc_tx_trans_ongoing
                0x0080207f        0x1 src/ASF/common/services/usb/class/cdc/device/udi_cdc.o
 .bss.udi_cdc_tx_sof_num
                0x00802080        0x2 src/ASF/common/services/usb/class/cdc/device/udi_cdc.o
 .bss.udi_cdc_tx_buf_sel
                0x00802082        0x1 src/ASF/common/services/usb/class/cdc/device/udi_cdc.o
 .bss.udi_cdc_tx_buf_nb
                0x00802083        0x4 src/ASF/common/services/usb/class/cdc/device/udi_cdc.o
 *fill*         0x00802087        0x1 
 .bss.udi_cdc_tx_buf
                0x00802088       0x80 src/ASF/common/services/usb/class/cdc/device/udi_cdc.o
 .bss.udi_cdc_rx_trans_ongoing
                0x00802108        0x1 src/ASF/common/services/usb/class/cdc/device/udi_cdc.o
 .bss.udi_cdc_rx_pos
                0x00802109        0x2 src/ASF/common/services/usb/class/cdc/device/udi_cdc.o
 .bss.udi_cdc_rx_buf_sel
                0x0080210b        0x1 src/ASF/common/services/usb/class/cdc/device/udi_cdc.o
 .bss.udi_cdc_rx_buf_nb
                0x0080210c        0x4 src/ASF/common/services/usb/class/cdc/device/udi_cdc.o
 .bss.udi_cdc_rx_buf
                0x00802110       0x80 src/ASF/common/services/usb/class/cdc/device/udi_cdc.o
 .bss.udi_cdc_data_running
                0x00802190        0x1 src/ASF/common/services/usb/class/cdc/device/udi_cdc.o
 .bss.udi_cdc_nb_data_enabled
                0x00802191        0x1 src/ASF/common/services/usb/class/cdc/device/udi_cdc.o
 .bss.udi_cdc_nb_comm_enabled
                0x00802192        0x1 src/ASF/common/services/usb/class/cdc/device/udi_cdc.o
 *fill*         0x00802193        0x1 
 .bss.uid_cdc_state_msg
                0x00802194        0xa src/ASF/common/services/usb/class/cdc/device/udi_cdc.o
 .bss.udi_cdc_state
                0x0080219e        0x2 src/ASF/common/services/usb/class/cdc/device/udi_cdc.o
 .bss.udi_cdc_line_coding
                0x008021a0        0x7 src/ASF/common/services/usb/class/cdc/device/udi_cdc.o
 .bss.udc_ep_status.4528
                0x008021a7        0x2 src/ASF/common/services/usb/udc/udc.o
 .bss.udc_iface_setting.4585
                0x008021a9        0x1 src/ASF/common/services/usb/udc/udc.o
 .bss.udc_ptr_iface
                0x008021aa        0x2 src/ASF/common/services/usb/udc/udc.o
 .bss.udc_ptr_conf
                0x008021ac        0x2 src/ASF/common/services/usb/udc/udc.o
 .bss.udc_num_configuration
                0x008021ae        0x1 src/ASF/common/services/usb/udc/udc.o
 .bss.udc_device_status
                0x008021af        0x2 src/ASF/common/services/usb/udc/udc.o
 .bss.b_shortpacket.5233
                0x008021b1        0x1 src/ASF/xmega/drivers/usb/usb_device.o
 .bss.udd_ep_out_cache_buffer
                0x008021b2       0x80 src/ASF/xmega/drivers/usb/usb_device.o
 .bss.udd_ep_job
                0x00802232       0x24 src/ASF/xmega/drivers/usb/usb_device.o
 .bss.udd_ctrl_buffer
                0x00802256       0x40 src/ASF/xmega/drivers/usb/usb_device.o
 .bss.udd_ctrl_payload_nb_trans
                0x00802296        0x2 src/ASF/xmega/drivers/usb/usb_device.o
 .bss.udd_ctrl_prev_payload_nb_trans
                0x00802298        0x2 src/ASF/xmega/drivers/usb/usb_device.o
 .bss.udd_ep_control_state
                0x0080229a        0x1 src/ASF/xmega/drivers/usb/usb_device.o
 *fill*         0x0080229b        0x1 
 .bss.udd_sram  0x0080229c       0x40 src/ASF/xmega/drivers/usb/usb_device.o
 .bss.udd_b_idle
                0x008022dc        0x1 src/ASF/xmega/drivers/usb/usb_device.o
 *(COMMON)
 COMMON         0x008022dd        0x6 src/ASF/common/services/sleepmgr/xmega/sleepmgr.o
                0x008022dd                sleepmgr_locks
 COMMON         0x008022e3        0x8 src/ASF/xmega/drivers/rtc/rtc.o
                0x008022e3                rtc_data
 COMMON         0x008022eb       0x10 src/ASF/xmega/drivers/usb/usb_device.o
                0x008022eb                udd_g_ctrlreq
                0x008022fb                PROVIDE (__bss_end, .)
                0x00001c5e                __data_load_start = LOADADDR (.data)
                0x00001cda                __data_load_end = (__data_load_start + SIZEOF (.data))

.noinit         0x008022fb        0x0
                0x008022fb                PROVIDE (__noinit_start, .)
 *(.noinit*)
                0x008022fb                PROVIDE (__noinit_end, .)
                0x008022fb                _end = .
                0x008022fb                PROVIDE (__heap_start, .)

.eeprom         0x00810000        0x0
 *(.eeprom*)
                0x00810000                __eeprom_end = .

.fuse
 *(.fuse)
 *(.lfuse)
 *(.hfuse)
 *(.efuse)

.lock
 *(.lock*)

.signature
 *(.signature*)

.user_signatures
 *(.user_signatures*)

.stab
 *(.stab)

.stabstr
 *(.stabstr)

.stab.excl
 *(.stab.excl)

.stab.exclstr
 *(.stab.exclstr)

.stab.index
 *(.stab.index)

.stab.indexstr
 *(.stab.indexstr)

.comment        0x00000000       0x30
 *(.comment)
 .comment       0x00000000       0x30 src/ASF/common/boards/user_board/init.o
                                 0x31 (size before relaxing)
 .comment       0x00000000       0x31 src/ASF/common/services/clock/xmega/sysclk.o
 .comment       0x00000000       0x31 src/ASF/common/services/ioport/xmega/ioport_compat.o
 .comment       0x00000000       0x31 src/ASF/common/services/sleepmgr/xmega/sleepmgr.o
 .comment       0x00000000       0x31 src/ASF/common/services/usb/class/cdc/device/udi_cdc.o
 .comment       0x00000000       0x31 src/ASF/common/services/usb/class/cdc/device/udi_cdc_desc.o
 .comment       0x00000000       0x31 src/ASF/common/services/usb/udc/udc.o
 .comment       0x00000000       0x31 src/ASF/xmega/drivers/nvm/nvm.o
 .comment       0x00000000       0x31 src/ASF/xmega/drivers/rtc/rtc.o
 .comment       0x00000000       0x31 src/ASF/xmega/drivers/usart/usart.o
 .comment       0x00000000       0x31 src/ASF/xmega/drivers/usb/usb_device.o
 .comment       0x00000000       0x31 src/DSD_PLC/drivers/DSD_PLC.o
 .comment       0x00000000       0x31 src/DSD_PLC/drivers/switch.o
 .comment       0x00000000       0x31 src/DSD_PLC/drivers/usb_serial.o
 .comment       0x00000000       0x31 src/main.o

.note.gnu.build-id
 *(.note.gnu.build-id)

.debug
 *(.debug)

.line
 *(.line)

.debug_srcinfo
 *(.debug_srcinfo)

.debug_sfnames
 *(.debug_sfnames)

.debug_aranges  0x00000000      0x610
 *(.debug_aranges)
 .debug_aranges
                0x00000000       0x20 src/ASF/common/boards/user_board/init.o
 .debug_aranges
                0x00000020       0x40 src/ASF/common/services/clock/xmega/sysclk.o
 .debug_aranges
                0x00000060       0x18 src/ASF/common/services/ioport/xmega/ioport_compat.o
 .debug_aranges
                0x00000078       0x18 src/ASF/common/services/sleepmgr/xmega/sleepmgr.o
 .debug_aranges
                0x00000090      0x168 src/ASF/common/services/usb/class/cdc/device/udi_cdc.o
 .debug_aranges
                0x000001f8       0x18 src/ASF/common/services/usb/class/cdc/device/udi_cdc_desc.o
 .debug_aranges
                0x00000210       0x70 src/ASF/common/services/usb/udc/udc.o
 .debug_aranges
                0x00000280       0x20 src/ASF/xmega/drivers/cpu/ccp.o
 .debug_aranges
                0x000002a0       0xc0 src/ASF/xmega/drivers/nvm/nvm.o
 .debug_aranges
                0x00000360       0x28 src/ASF/xmega/drivers/nvm/nvm_asm.o
 .debug_aranges
                0x00000388       0x58 src/ASF/xmega/drivers/rtc/rtc.o
 .debug_aranges
                0x000003e0       0x58 src/ASF/xmega/drivers/usart/usart.o
 .debug_aranges
                0x00000438      0x120 src/ASF/xmega/drivers/usb/usb_device.o
 .debug_aranges
                0x00000558       0x20 src/DSD_PLC/drivers/DSD_PLC.o
 .debug_aranges
                0x00000578       0x28 src/DSD_PLC/drivers/switch.o
 .debug_aranges
                0x000005a0       0x50 src/DSD_PLC/drivers/usb_serial.o
 .debug_aranges
                0x000005f0       0x20 src/main.o

.debug_pubnames
 *(.debug_pubnames)

.debug_info     0x00000000     0xbd73
 *(.debug_info .gnu.linkonce.wi.*)
 .debug_info    0x00000000      0x13a src/ASF/common/boards/user_board/init.o
 .debug_info    0x0000013a      0x6fc src/ASF/common/services/clock/xmega/sysclk.o
 .debug_info    0x00000836       0x6f src/ASF/common/services/ioport/xmega/ioport_compat.o
 .debug_info    0x000008a5      0x121 src/ASF/common/services/sleepmgr/xmega/sleepmgr.o
 .debug_info    0x000009c6     0x17d9 src/ASF/common/services/usb/class/cdc/device/udi_cdc.o
 .debug_info    0x0000219f      0x7bd src/ASF/common/services/usb/class/cdc/device/udi_cdc_desc.o
 .debug_info    0x0000295c     0x10f3 src/ASF/common/services/usb/udc/udc.o
 .debug_info    0x00003a4f       0x8d src/ASF/xmega/drivers/cpu/ccp.o
 .debug_info    0x00003adc     0x13ae src/ASF/xmega/drivers/nvm/nvm.o
 .debug_info    0x00004e8a       0x8d src/ASF/xmega/drivers/nvm/nvm_asm.o
 .debug_info    0x00004f17      0x700 src/ASF/xmega/drivers/rtc/rtc.o
 .debug_info    0x00005617     0x2d92 src/ASF/xmega/drivers/usart/usart.o
 .debug_info    0x000083a9     0x1d8a src/ASF/xmega/drivers/usb/usb_device.o
 .debug_info    0x0000a133      0xb49 src/DSD_PLC/drivers/DSD_PLC.o
 .debug_info    0x0000ac7c      0x500 src/DSD_PLC/drivers/switch.o
 .debug_info    0x0000b17c      0x619 src/DSD_PLC/drivers/usb_serial.o
 .debug_info    0x0000b795      0x5de src/main.o

.debug_abbrev   0x00000000     0x24ba
 *(.debug_abbrev)
 .debug_abbrev  0x00000000       0xa8 src/ASF/common/boards/user_board/init.o
 .debug_abbrev  0x000000a8      0x25b src/ASF/common/services/clock/xmega/sysclk.o
 .debug_abbrev  0x00000303       0x29 src/ASF/common/services/ioport/xmega/ioport_compat.o
 .debug_abbrev  0x0000032c       0x80 src/ASF/common/services/sleepmgr/xmega/sleepmgr.o
 .debug_abbrev  0x000003ac      0x39f src/ASF/common/services/usb/class/cdc/device/udi_cdc.o
 .debug_abbrev  0x0000074b       0xfe src/ASF/common/services/usb/class/cdc/device/udi_cdc_desc.o
 .debug_abbrev  0x00000849      0x3af src/ASF/common/services/usb/udc/udc.o
 .debug_abbrev  0x00000bf8       0x14 src/ASF/xmega/drivers/cpu/ccp.o
 .debug_abbrev  0x00000c0c      0x3ed src/ASF/xmega/drivers/nvm/nvm.o
 .debug_abbrev  0x00000ff9       0x12 src/ASF/xmega/drivers/nvm/nvm_asm.o
 .debug_abbrev  0x0000100b      0x2cd src/ASF/xmega/drivers/rtc/rtc.o
 .debug_abbrev  0x000012d8      0x3e8 src/ASF/xmega/drivers/usart/usart.o
 .debug_abbrev  0x000016c0      0x5b2 src/ASF/xmega/drivers/usb/usb_device.o
 .debug_abbrev  0x00001c72      0x1d0 src/DSD_PLC/drivers/DSD_PLC.o
 .debug_abbrev  0x00001e42      0x1ef src/DSD_PLC/drivers/switch.o
 .debug_abbrev  0x00002031      0x28c src/DSD_PLC/drivers/usb_serial.o
 .debug_abbrev  0x000022bd      0x1fd src/main.o

.debug_line     0x00000000     0x8e8e
 *(.debug_line .debug_line.* .debug_line_end)
 .debug_line    0x00000000      0x833 src/ASF/common/boards/user_board/init.o
 .debug_line    0x00000833      0x5e0 src/ASF/common/services/clock/xmega/sysclk.o
 .debug_line    0x00000e13      0x424 src/ASF/common/services/ioport/xmega/ioport_compat.o
 .debug_line    0x00001237      0x430 src/ASF/common/services/sleepmgr/xmega/sleepmgr.o
 .debug_line    0x00001667      0xe43 src/ASF/common/services/usb/class/cdc/device/udi_cdc.o
 .debug_line    0x000024aa      0x4a1 src/ASF/common/services/usb/class/cdc/device/udi_cdc_desc.o
 .debug_line    0x0000294b      0xa67 src/ASF/common/services/usb/udc/udc.o
 .debug_line    0x000033b2       0x6e src/ASF/xmega/drivers/cpu/ccp.o
 .debug_line    0x00003420      0xb37 src/ASF/xmega/drivers/nvm/nvm.o
 .debug_line    0x00003f57      0x11f src/ASF/xmega/drivers/nvm/nvm_asm.o
 .debug_line    0x00004076      0x79b src/ASF/xmega/drivers/rtc/rtc.o
 .debug_line    0x00004811      0xba2 src/ASF/xmega/drivers/usart/usart.o
 .debug_line    0x000053b3     0x1488 src/ASF/xmega/drivers/usb/usb_device.o
 .debug_line    0x0000683b      0x921 src/DSD_PLC/drivers/DSD_PLC.o
 .debug_line    0x0000715c      0x990 src/DSD_PLC/drivers/switch.o
 .debug_line    0x00007aec      0xaaa src/DSD_PLC/drivers/usb_serial.o
 .debug_line    0x00008596      0x8f8 src/main.o

.debug_frame    0x00000000     0x100c
 *(.debug_frame)
 .debug_frame   0x00000000       0x24 src/ASF/common/boards/user_board/init.o
 .debug_frame   0x00000024       0x64 src/ASF/common/services/clock/xmega/sysclk.o
 .debug_frame   0x00000088      0x380 src/ASF/common/services/usb/class/cdc/device/udi_cdc.o
 .debug_frame   0x00000408      0x120 src/ASF/common/services/usb/udc/udc.o
 .debug_frame   0x00000528      0x340 src/ASF/xmega/drivers/nvm/nvm.o
 .debug_frame   0x00000868      0x124 src/ASF/xmega/drivers/rtc/rtc.o
 .debug_frame   0x0000098c      0x148 src/ASF/xmega/drivers/usart/usart.o
 .debug_frame   0x00000ad4      0x3cc src/ASF/xmega/drivers/usb/usb_device.o
 .debug_frame   0x00000ea0       0x30 src/DSD_PLC/drivers/DSD_PLC.o
 .debug_frame   0x00000ed0       0x34 src/DSD_PLC/drivers/switch.o
 .debug_frame   0x00000f04       0xe4 src/DSD_PLC/drivers/usb_serial.o
 .debug_frame   0x00000fe8       0x24 src/main.o

.debug_str      0x00000000    0x2fce9
 *(.debug_str)
 .debug_str     0x00000000    0x27fe2 src/ASF/common/boards/user_board/init.o
                              0x28655 (size before relaxing)
 .debug_str     0x00027fe2      0x346 src/ASF/common/services/clock/xmega/sysclk.o
                              0x24458 (size before relaxing)
 .debug_str     0x00028328      0x3c9 src/ASF/common/services/ioport/xmega/ioport_compat.o
                              0x234e4 (size before relaxing)
 .debug_str     0x000286f1       0x96 src/ASF/common/services/sleepmgr/xmega/sleepmgr.o
                              0x233b6 (size before relaxing)
 .debug_str     0x00028787      0xf0a src/ASF/common/services/usb/class/cdc/device/udi_cdc.o
                              0x279d7 (size before relaxing)
 .debug_str     0x00029691      0x5e8 src/ASF/common/services/usb/class/cdc/device/udi_cdc_desc.o
                              0x2706d (size before relaxing)
 .debug_str     0x00029c79      0x743 src/ASF/common/services/usb/udc/udc.o
                              0x26144 (size before relaxing)
 .debug_str     0x0002a3bc      0x94f src/ASF/xmega/drivers/nvm/nvm.o
                              0x23ae0 (size before relaxing)
 .debug_str     0x0002ad0b      0x384 src/ASF/xmega/drivers/rtc/rtc.o
                              0x2492a (size before relaxing)
 .debug_str     0x0002b08f      0xe08 src/ASF/xmega/drivers/usart/usart.o
                              0x25413 (size before relaxing)
 .debug_str     0x0002be97     0x3506 src/ASF/xmega/drivers/usb/usb_device.o
                              0x2ab17 (size before relaxing)
 .debug_str     0x0002f39d      0x830 src/DSD_PLC/drivers/DSD_PLC.o
                              0x29075 (size before relaxing)
 .debug_str     0x0002fbcd       0x47 src/DSD_PLC/drivers/switch.o
                              0x2907a (size before relaxing)
 .debug_str     0x0002fc14       0xc7 src/DSD_PLC/drivers/usb_serial.o
                              0x2921d (size before relaxing)
 .debug_str     0x0002fcdb        0xe src/main.o
                              0x29225 (size before relaxing)

.debug_loc      0x00000000     0x4bff
 *(.debug_loc)
 .debug_loc     0x00000000      0x217 src/ASF/common/services/clock/xmega/sysclk.o
 .debug_loc     0x00000217      0xddc src/ASF/common/services/usb/class/cdc/device/udi_cdc.o
 .debug_loc     0x00000ff3      0x4f1 src/ASF/common/services/usb/udc/udc.o
 .debug_loc     0x000014e4     0x113c src/ASF/xmega/drivers/nvm/nvm.o
 .debug_loc     0x00002620      0x279 src/ASF/xmega/drivers/rtc/rtc.o
 .debug_loc     0x00002899      0xfcf src/ASF/xmega/drivers/usart/usart.o
 .debug_loc     0x00003868      0xf97 src/ASF/xmega/drivers/usb/usb_device.o
 .debug_loc     0x000047ff       0x2f src/DSD_PLC/drivers/DSD_PLC.o
 .debug_loc     0x0000482e       0x58 src/DSD_PLC/drivers/switch.o
 .debug_loc     0x00004886      0x2d7 src/DSD_PLC/drivers/usb_serial.o
 .debug_loc     0x00004b5d       0xa2 src/main.o

.debug_macinfo
 *(.debug_macinfo)

.debug_weaknames
 *(.debug_weaknames)

.debug_funcnames
 *(.debug_funcnames)

.debug_typenames
 *(.debug_typenames)

.debug_varnames
 *(.debug_varnames)

.debug_pubtypes
 *(.debug_pubtypes)

.debug_ranges   0x00000000      0x548
 *(.debug_ranges)
 .debug_ranges  0x00000000       0x10 src/ASF/common/boards/user_board/init.o
 .debug_ranges  0x00000010       0x30 src/ASF/common/services/clock/xmega/sysclk.o
 .debug_ranges  0x00000040      0x158 src/ASF/common/services/usb/class/cdc/device/udi_cdc.o
 .debug_ranges  0x00000198       0x60 src/ASF/common/services/usb/udc/udc.o
 .debug_ranges  0x000001f8       0xc8 src/ASF/xmega/drivers/nvm/nvm.o
 .debug_ranges  0x000002c0       0x20 src/ASF/xmega/drivers/nvm/nvm_asm.o
 .debug_ranges  0x000002e0       0x48 src/ASF/xmega/drivers/rtc/rtc.o
 .debug_ranges  0x00000328       0x80 src/ASF/xmega/drivers/usart/usart.o
 .debug_ranges  0x000003a8      0x128 src/ASF/xmega/drivers/usb/usb_device.o
 .debug_ranges  0x000004d0       0x10 src/DSD_PLC/drivers/DSD_PLC.o
 .debug_ranges  0x000004e0       0x18 src/DSD_PLC/drivers/switch.o
 .debug_ranges  0x000004f8       0x40 src/DSD_PLC/drivers/usb_serial.o
 .debug_ranges  0x00000538       0x10 src/main.o

.debug_macro    0x00000000     0xb9c2
 *(.debug_macro)
 .debug_macro   0x00000000      0x322 src/ASF/common/boards/user_board/init.o
 .debug_macro   0x00000322      0xa36 src/ASF/common/boards/user_board/init.o
 .debug_macro   0x00000d58       0x10 src/ASF/common/boards/user_board/init.o
 .debug_macro   0x00000d68      0x1ad src/ASF/common/boards/user_board/init.o
 .debug_macro   0x00000f15      0x293 src/ASF/common/boards/user_board/init.o
 .debug_macro   0x000011a8       0x9e src/ASF/common/boards/user_board/init.o
 .debug_macro   0x00001246     0x5486 src/ASF/common/boards/user_board/init.o
 .debug_macro   0x000066cc       0x9a src/ASF/common/boards/user_board/init.o
 .debug_macro   0x00006766       0xf1 src/ASF/common/boards/user_board/init.o
 .debug_macro   0x00006857       0x34 src/ASF/common/boards/user_board/init.o
 .debug_macro   0x0000688b       0x10 src/ASF/common/boards/user_board/init.o
 .debug_macro   0x0000689b       0x18 src/ASF/common/boards/user_board/init.o
 .debug_macro   0x000068b3       0x5e src/ASF/common/boards/user_board/init.o
 .debug_macro   0x00006911       0x10 src/ASF/common/boards/user_board/init.o
 .debug_macro   0x00006921       0x22 src/ASF/common/boards/user_board/init.o
 .debug_macro   0x00006943      0x166 src/ASF/common/boards/user_board/init.o
 .debug_macro   0x00006aa9       0x1c src/ASF/common/boards/user_board/init.o
 .debug_macro   0x00006ac5       0x35 src/ASF/common/boards/user_board/init.o
 .debug_macro   0x00006afa       0x66 src/ASF/common/boards/user_board/init.o
 .debug_macro   0x00006b60      0x476 src/ASF/common/boards/user_board/init.o
 .debug_macro   0x00006fd6       0x97 src/ASF/common/boards/user_board/init.o
 .debug_macro   0x0000706d       0x17 src/ASF/common/boards/user_board/init.o
 .debug_macro   0x00007084      0x250 src/ASF/common/boards/user_board/init.o
 .debug_macro   0x000072d4       0x76 src/ASF/common/boards/user_board/init.o
 .debug_macro   0x0000734a       0x16 src/ASF/common/boards/user_board/init.o
 .debug_macro   0x00007360      0x6e0 src/ASF/common/boards/user_board/init.o
 .debug_macro   0x00007a40       0x10 src/ASF/common/boards/user_board/init.o
 .debug_macro   0x00007a50      0x175 src/ASF/common/boards/user_board/init.o
 .debug_macro   0x00007bc5       0x40 src/ASF/common/boards/user_board/init.o
 .debug_macro   0x00007c05       0x69 src/ASF/common/boards/user_board/init.o
 .debug_macro   0x00007c6e       0x32 src/ASF/common/boards/user_board/init.o
 .debug_macro   0x00007ca0       0xe4 src/ASF/common/boards/user_board/init.o
 .debug_macro   0x00007d84       0x34 src/ASF/common/boards/user_board/init.o
 .debug_macro   0x00007db8       0x22 src/ASF/common/boards/user_board/init.o
 .debug_macro   0x00007dda      0x229 src/ASF/common/boards/user_board/init.o
 .debug_macro   0x00008003       0x66 src/ASF/common/boards/user_board/init.o
 .debug_macro   0x00008069       0x2f src/ASF/common/boards/user_board/init.o
 .debug_macro   0x00008098      0x154 src/ASF/common/boards/user_board/init.o
 .debug_macro   0x000081ec       0x28 src/ASF/common/boards/user_board/init.o
 .debug_macro   0x00008214       0x22 src/ASF/common/boards/user_board/init.o
 .debug_macro   0x00008236       0x7c src/ASF/common/boards/user_board/init.o
 .debug_macro   0x000082b2       0x26 src/ASF/common/boards/user_board/init.o
 .debug_macro   0x000082d8       0x1c src/ASF/common/boards/user_board/init.o
 .debug_macro   0x000082f4       0x5e src/ASF/common/boards/user_board/init.o
 .debug_macro   0x00008352       0x10 src/ASF/common/boards/user_board/init.o
 .debug_macro   0x00008362       0x3a src/ASF/common/boards/user_board/init.o
 .debug_macro   0x0000839c      0x225 src/ASF/common/boards/user_board/init.o
 .debug_macro   0x000085c1       0x84 src/ASF/common/boards/user_board/init.o
 .debug_macro   0x00008645       0xf0 src/ASF/common/boards/user_board/init.o
 .debug_macro   0x00008735      0x241 src/ASF/common/boards/user_board/init.o
 .debug_macro   0x00008976      0x17e src/ASF/common/boards/user_board/init.o
 .debug_macro   0x00008af4       0x16 src/ASF/common/boards/user_board/init.o
 .debug_macro   0x00008b0a       0x1c src/ASF/common/boards/user_board/init.o
 .debug_macro   0x00008b26      0x190 src/ASF/common/boards/user_board/init.o
 .debug_macro   0x00008cb6      0x1e6 src/ASF/common/services/clock/xmega/sysclk.o
 .debug_macro   0x00008e9c      0x18f src/ASF/common/services/ioport/xmega/ioport_compat.o
 .debug_macro   0x0000902b      0x109 src/ASF/common/services/ioport/xmega/ioport_compat.o
 .debug_macro   0x00009134      0x1a3 src/ASF/common/services/sleepmgr/xmega/sleepmgr.o
 .debug_macro   0x000092d7      0x299 src/ASF/common/services/usb/class/cdc/device/udi_cdc.o
 .debug_macro   0x00009570       0x7e src/ASF/common/services/usb/class/cdc/device/udi_cdc.o
 .debug_macro   0x000095ee       0x16 src/ASF/common/services/usb/class/cdc/device/udi_cdc.o
 .debug_macro   0x00009604      0x20a src/ASF/common/services/usb/class/cdc/device/udi_cdc_desc.o
 .debug_macro   0x0000980e      0x1f6 src/ASF/common/services/usb/udc/udc.o
 .debug_macro   0x00009a04      0x198 src/ASF/xmega/drivers/nvm/nvm.o
 .debug_macro   0x00009b9c      0x232 src/ASF/xmega/drivers/rtc/rtc.o
 .debug_macro   0x00009dce      0x219 src/ASF/xmega/drivers/usart/usart.o
 .debug_macro   0x00009fe7      0x299 src/ASF/xmega/drivers/usart/usart.o
 .debug_macro   0x0000a280       0x34 src/ASF/xmega/drivers/usart/usart.o
 .debug_macro   0x0000a2b4      0x2ca src/ASF/xmega/drivers/usb/usb_device.o
 .debug_macro   0x0000a57e      0x467 src/ASF/xmega/drivers/usb/usb_device.o
 .debug_macro   0x0000a9e5      0x374 src/DSD_PLC/drivers/DSD_PLC.o
 .debug_macro   0x0000ad59       0x58 src/DSD_PLC/drivers/DSD_PLC.o
 .debug_macro   0x0000adb1       0x10 src/DSD_PLC/drivers/DSD_PLC.o
 .debug_macro   0x0000adc1       0xeb src/DSD_PLC/drivers/DSD_PLC.o
 .debug_macro   0x0000aeac       0x10 src/DSD_PLC/drivers/DSD_PLC.o
 .debug_macro   0x0000aebc       0x94 src/DSD_PLC/drivers/DSD_PLC.o
 .debug_macro   0x0000af50      0x37f src/DSD_PLC/drivers/switch.o
 .debug_macro   0x0000b2cf      0x37f src/DSD_PLC/drivers/usb_serial.o
 .debug_macro   0x0000b64e      0x374 src/main.o
OUTPUT(DSDPLC_BASE.elf elf32-avr)
LOAD linker stubs
